<html>
<body>
<pre>
<h1>µVision Build Log</h1>
<h2>Project:</h2>
D:\keil_workspace\STM32Project\lesson1_led\USER\led.uvproj
Project File Date:  03/20/2017

<h2>Output:</h2>
Build target 'Template'
compiling main.c...
..\USER\stm32f10x.h(96): error:  #35: #error directive: "Please select first the target STM32F10x device used in your application (in stm32f10x.h file)"
..\USER\stm32f10x.h:    #error "Please select first the target STM32F10x device used in your application (in stm32f10x.h file)"
..\USER\stm32f10x.h:     ^
..\USER\stm32f10x.h: main.c: 0 warnings, 1 error
compiling stm32f10x_it.c...
stm32f10x.h(96): error:  #35: #error directive: "Please select first the target STM32F10x device used in your application (in stm32f10x.h file)"
stm32f10x.h:    #error "Please select first the target STM32F10x device used in your application (in stm32f10x.h file)"
stm32f10x.h:     ^
stm32f10x.h: stm32f10x_it.c: 0 warnings, 1 error
compiling system_stm32f10x.c...
stm32f10x.h(96): error:  #35: #error directive: "Please select first the target STM32F10x device used in your application (in stm32f10x.h file)"
stm32f10x.h:    #error "Please select first the target STM32F10x device used in your application (in stm32f10x.h file)"
stm32f10x.h:     ^
stm32f10x.h: system_stm32f10x.c: 0 warnings, 1 error
compiling core_cm3.c...
assembling startup_stm32f10x_hd.s...
compiling misc.c...
..\USER\stm32f10x.h(96): error:  #35: #error directive: "Please select first the target STM32F10x device used in your application (in stm32f10x.h file)"
..\USER\stm32f10x.h:    #error "Please select first the target STM32F10x device used in your application (in stm32f10x.h file)"
..\USER\stm32f10x.h:     ^
..\USER\stm32f10x.h: ..\STM32F10x_FWLib\src\misc.c: 0 warnings, 1 error
compiling stm32f10x_adc.c...
..\USER\stm32f10x.h(96): error:  #35: #error directive: "Please select first the target STM32F10x device used in your application (in stm32f10x.h file)"
..\USER\stm32f10x.h:    #error "Please select first the target STM32F10x device used in your application (in stm32f10x.h file)"
..\USER\stm32f10x.h:     ^
..\USER\stm32f10x.h: ..\STM32F10x_FWLib\src\stm32f10x_adc.c: 0 warnings, 1 error
compiling stm32f10x_bkp.c...
..\USER\stm32f10x.h(96): error:  #35: #error directive: "Please select first the target STM32F10x device used in your application (in stm32f10x.h file)"
..\USER\stm32f10x.h:    #error "Please select first the target STM32F10x device used in your application (in stm32f10x.h file)"
..\USER\stm32f10x.h:     ^
..\USER\stm32f10x.h: ..\STM32F10x_FWLib\src\stm32f10x_bkp.c: 0 warnings, 1 error
compiling stm32f10x_can.c...
..\USER\stm32f10x.h(96): error:  #35: #error directive: "Please select first the target STM32F10x device used in your application (in stm32f10x.h file)"
..\USER\stm32f10x.h:    #error "Please select first the target STM32F10x device used in your application (in stm32f10x.h file)"
..\USER\stm32f10x.h:     ^
..\USER\stm32f10x.h: ..\STM32F10x_FWLib\src\stm32f10x_can.c: 0 warnings, 1 error
compiling stm32f10x_cec.c...
..\USER\stm32f10x.h(96): error:  #35: #error directive: "Please select first the target STM32F10x device used in your application (in stm32f10x.h file)"
..\USER\stm32f10x.h:    #error "Please select first the target STM32F10x device used in your application (in stm32f10x.h file)"
..\USER\stm32f10x.h:     ^
..\USER\stm32f10x.h: ..\STM32F10x_FWLib\src\stm32f10x_cec.c: 0 warnings, 1 error
compiling stm32f10x_crc.c...
..\USER\stm32f10x.h(96): error:  #35: #error directive: "Please select first the target STM32F10x device used in your application (in stm32f10x.h file)"
..\USER\stm32f10x.h:    #error "Please select first the target STM32F10x device used in your application (in stm32f10x.h file)"
..\USER\stm32f10x.h:     ^
..\USER\stm32f10x.h: ..\STM32F10x_FWLib\src\stm32f10x_crc.c: 0 warnings, 1 error
compiling stm32f10x_dac.c...
..\USER\stm32f10x.h(96): error:  #35: #error directive: "Please select first the target STM32F10x device used in your application (in stm32f10x.h file)"
..\USER\stm32f10x.h:    #error "Please select first the target STM32F10x device used in your application (in stm32f10x.h file)"
..\USER\stm32f10x.h:     ^
..\USER\stm32f10x.h: ..\STM32F10x_FWLib\src\stm32f10x_dac.c: 0 warnings, 1 error
compiling stm32f10x_dbgmcu.c...
..\USER\stm32f10x.h(96): error:  #35: #error directive: "Please select first the target STM32F10x device used in your application (in stm32f10x.h file)"
..\USER\stm32f10x.h:    #error "Please select first the target STM32F10x device used in your application (in stm32f10x.h file)"
..\USER\stm32f10x.h:     ^
..\USER\stm32f10x.h: ..\STM32F10x_FWLib\src\stm32f10x_dbgmcu.c: 0 warnings, 1 error
compiling stm32f10x_dma.c...
..\USER\stm32f10x.h(96): error:  #35: #error directive: "Please select first the target STM32F10x device used in your application (in stm32f10x.h file)"
..\USER\stm32f10x.h:    #error "Please select first the target STM32F10x device used in your application (in stm32f10x.h file)"
..\USER\stm32f10x.h:     ^
..\USER\stm32f10x.h: ..\STM32F10x_FWLib\src\stm32f10x_dma.c: 0 warnings, 1 error
compiling stm32f10x_exti.c...
..\USER\stm32f10x.h(96): error:  #35: #error directive: "Please select first the target STM32F10x device used in your application (in stm32f10x.h file)"
..\USER\stm32f10x.h:    #error "Please select first the target STM32F10x device used in your application (in stm32f10x.h file)"
..\USER\stm32f10x.h:     ^
..\USER\stm32f10x.h: ..\STM32F10x_FWLib\src\stm32f10x_exti.c: 0 warnings, 1 error
compiling stm32f10x_flash.c...
..\USER\stm32f10x.h(96): error:  #35: #error directive: "Please select first the target STM32F10x device used in your application (in stm32f10x.h file)"
..\USER\stm32f10x.h:    #error "Please select first the target STM32F10x device used in your application (in stm32f10x.h file)"
..\USER\stm32f10x.h:     ^
..\USER\stm32f10x.h: ..\STM32F10x_FWLib\src\stm32f10x_flash.c: 0 warnings, 1 error
compiling stm32f10x_fsmc.c...
..\USER\stm32f10x.h(96): error:  #35: #error directive: "Please select first the target STM32F10x device used in your application (in stm32f10x.h file)"
..\USER\stm32f10x.h:    #error "Please select first the target STM32F10x device used in your application (in stm32f10x.h file)"
..\USER\stm32f10x.h:     ^
..\USER\stm32f10x.h: ..\STM32F10x_FWLib\src\stm32f10x_fsmc.c: 0 warnings, 1 error
compiling stm32f10x_gpio.c...
..\USER\stm32f10x.h(96): error:  #35: #error directive: "Please select first the target STM32F10x device used in your application (in stm32f10x.h file)"
..\USER\stm32f10x.h:    #error "Please select first the target STM32F10x device used in your application (in stm32f10x.h file)"
..\USER\stm32f10x.h:     ^
..\USER\stm32f10x.h: ..\STM32F10x_FWLib\src\stm32f10x_gpio.c: 0 warnings, 1 error
compiling stm32f10x_i2c.c...
..\USER\stm32f10x.h(96): error:  #35: #error directive: "Please select first the target STM32F10x device used in your application (in stm32f10x.h file)"
..\USER\stm32f10x.h:    #error "Please select first the target STM32F10x device used in your application (in stm32f10x.h file)"
..\USER\stm32f10x.h:     ^
..\USER\stm32f10x.h: ..\STM32F10x_FWLib\src\stm32f10x_i2c.c: 0 warnings, 1 error
compiling stm32f10x_iwdg.c...
..\USER\stm32f10x.h(96): error:  #35: #error directive: "Please select first the target STM32F10x device used in your application (in stm32f10x.h file)"
..\USER\stm32f10x.h:    #error "Please select first the target STM32F10x device used in your application (in stm32f10x.h file)"
..\USER\stm32f10x.h:     ^
..\USER\stm32f10x.h: ..\STM32F10x_FWLib\src\stm32f10x_iwdg.c: 0 warnings, 1 error
compiling stm32f10x_pwr.c...
..\USER\stm32f10x.h(96): error:  #35: #error directive: "Please select first the target STM32F10x device used in your application (in stm32f10x.h file)"
..\USER\stm32f10x.h:    #error "Please select first the target STM32F10x device used in your application (in stm32f10x.h file)"
..\USER\stm32f10x.h:     ^
..\USER\stm32f10x.h: ..\STM32F10x_FWLib\src\stm32f10x_pwr.c: 0 warnings, 1 error
compiling stm32f10x_rcc.c...
..\USER\stm32f10x.h(96): error:  #35: #error directive: "Please select first the target STM32F10x device used in your application (in stm32f10x.h file)"
..\USER\stm32f10x.h:    #error "Please select first the target STM32F10x device used in your application (in stm32f10x.h file)"
..\USER\stm32f10x.h:     ^
..\USER\stm32f10x.h: ..\STM32F10x_FWLib\src\stm32f10x_rcc.c: 0 warnings, 1 error
compiling stm32f10x_rtc.c...
..\USER\stm32f10x.h(96): error:  #35: #error directive: "Please select first the target STM32F10x device used in your application (in stm32f10x.h file)"
..\USER\stm32f10x.h:    #error "Please select first the target STM32F10x device used in your application (in stm32f10x.h file)"
..\USER\stm32f10x.h:     ^
..\USER\stm32f10x.h: ..\STM32F10x_FWLib\src\stm32f10x_rtc.c: 0 warnings, 1 error
compiling stm32f10x_sdio.c...
..\USER\stm32f10x.h(96): error:  #35: #error directive: "Please select first the target STM32F10x device used in your application (in stm32f10x.h file)"
..\USER\stm32f10x.h:    #error "Please select first the target STM32F10x device used in your application (in stm32f10x.h file)"
..\USER\stm32f10x.h:     ^
..\USER\stm32f10x.h: ..\STM32F10x_FWLib\src\stm32f10x_sdio.c: 0 warnings, 1 error
compiling stm32f10x_spi.c...
..\USER\stm32f10x.h(96): error:  #35: #error directive: "Please select first the target STM32F10x device used in your application (in stm32f10x.h file)"
..\USER\stm32f10x.h:    #error "Please select first the target STM32F10x device used in your application (in stm32f10x.h file)"
..\USER\stm32f10x.h:     ^
..\USER\stm32f10x.h: ..\STM32F10x_FWLib\src\stm32f10x_spi.c: 0 warnings, 1 error
compiling stm32f10x_tim.c...
..\USER\stm32f10x.h(96): error:  #35: #error directive: "Please select first the target STM32F10x device used in your application (in stm32f10x.h file)"
..\USER\stm32f10x.h:    #error "Please select first the target STM32F10x device used in your application (in stm32f10x.h file)"
..\USER\stm32f10x.h:     ^
..\USER\stm32f10x.h: ..\STM32F10x_FWLib\src\stm32f10x_tim.c: 0 warnings, 1 error
compiling stm32f10x_usart.c...
..\USER\stm32f10x.h(96): error:  #35: #error directive: "Please select first the target STM32F10x device used in your application (in stm32f10x.h file)"
..\USER\stm32f10x.h:    #error "Please select first the target STM32F10x device used in your application (in stm32f10x.h file)"
..\USER\stm32f10x.h:     ^
..\USER\stm32f10x.h: ..\STM32F10x_FWLib\src\stm32f10x_usart.c: 0 warnings, 1 error
compiling stm32f10x_wwdg.c...
..\USER\stm32f10x.h(96): error:  #35: #error directive: "Please select first the target STM32F10x device used in your application (in stm32f10x.h file)"
..\USER\stm32f10x.h:    #error "Please select first the target STM32F10x device used in your application (in stm32f10x.h file)"
..\USER\stm32f10x.h:     ^
..\USER\stm32f10x.h: ..\STM32F10x_FWLib\src\stm32f10x_wwdg.c: 0 warnings, 1 error
Target not created
compiling main.c...
..\USER\stm32f10x.h(96): error:  #35: #error directive: "Please select first the target STM32F10x device used in your application (in stm32f10x.h file)"
..\USER\stm32f10x.h:    #error "Please select first the target STM32F10x device used in your application (in stm32f10x.h file)"
..\USER\stm32f10x.h:     ^
..\USER\stm32f10x.h: main.c: 0 warnings, 1 error
main.c - 1 Error(s), 0 Warning(s).
Build target 'Template'
compiling main.c...
main.c(4): error:  #5: cannot open source input file "led.h": No such file or directory
main.c:   #include "led.h"
main.c:                   ^
main.c: main.c: 0 warnings, 1 error
compiling stm32f10x_it.c...
compiling system_stm32f10x.c...
compiling core_cm3.c...
compiling misc.c...
compiling stm32f10x_adc.c...
compiling stm32f10x_bkp.c...
compiling stm32f10x_can.c...
compiling stm32f10x_cec.c...
compiling stm32f10x_crc.c...
compiling stm32f10x_dac.c...
compiling stm32f10x_dbgmcu.c...
compiling stm32f10x_dma.c...
compiling stm32f10x_exti.c...
compiling stm32f10x_flash.c...
compiling stm32f10x_fsmc.c...
compiling stm32f10x_gpio.c...
compiling stm32f10x_i2c.c...
compiling stm32f10x_iwdg.c...
compiling stm32f10x_pwr.c...
compiling stm32f10x_rcc.c...
compiling stm32f10x_rtc.c...
compiling stm32f10x_sdio.c...
compiling stm32f10x_spi.c...
compiling stm32f10x_tim.c...
compiling stm32f10x_usart.c...
compiling stm32f10x_wwdg.c...
Target not created
Build target 'Template'
compiling main.c...
linking...
..\OBJ\led.axf: Error: L6218E: Undefined symbol LED_Init (referred from main.o).
..\OBJ\led.axf: Error: L6218E: Undefined symbol delay_init (referred from main.o).
..\OBJ\led.axf: Error: L6218E: Undefined symbol delay_ms (referred from main.o).
..\OBJ\led.axf: Not enough information to list image symbols.
..\OBJ\led.axf: Finished: 1 information, 0 warning and 3 error messages.
Target not created
compiling main.c...
main.c - 0 Error(s), 0 Warning(s).
Build target 'Template'
linking...
..\OBJ\led.axf: Error: L6218E: Undefined symbol LED_Init (referred from main.o).
..\OBJ\led.axf: Error: L6218E: Undefined symbol delay_init (referred from main.o).
..\OBJ\led.axf: Error: L6218E: Undefined symbol delay_ms (referred from main.o).
..\OBJ\led.axf: Not enough information to list image symbols.
..\OBJ\led.axf: Finished: 1 information, 0 warning and 3 error messages.
Target not created
compiling main.c...
main.c - 0 Error(s), 0 Warning(s).
Build target 'Template'
compiling led.c...
linking...
..\OBJ\led.axf: Error: L6218E: Undefined symbol delay_init (referred from main.o).
..\OBJ\led.axf: Error: L6218E: Undefined symbol delay_ms (referred from main.o).
..\OBJ\led.axf: Not enough information to list image symbols.
..\OBJ\led.axf: Finished: 1 information, 0 warning and 2 error messages.
Target not created
compiling main.c...
main.c - 0 Error(s), 0 Warning(s).
Build target 'Template'
compiling delay.c...
compiling sys.c...
..\SYSTEM\sys\sys.c(19): error:  #1113: Inline assembler not permitted when generating Thumb code
..\SYSTEM\sys\sys.c:    __ASM volatile("wfi");            
..\SYSTEM\sys\sys.c:    ^
..\SYSTEM\sys\sys.c: ..\SYSTEM\sys\sys.c: 0 warnings, 1 error
compiling usart.c...
Target not created
compiling sys.c...
..\SYSTEM\sys\sys.c(26): error:  #1113: Inline assembler not permitted when generating Thumb code
..\SYSTEM\sys\sys.c:    __ASM volatile("cpsid i");
..\SYSTEM\sys\sys.c:    ^
..\SYSTEM\sys\sys.c: ..\SYSTEM\sys\sys.c: 0 warnings, 1 error
..\SYSTEM\sys\sys.c - 1 Error(s), 0 Warning(s).
compiling main.c...
main.c - 0 Error(s), 0 Warning(s).
Build target 'Template'
linking...
Program Size: Code=4572 RO-data=336 RW-data=52 ZI-data=1836  
FromELF: creating hex file...
"..\OBJ\led.axf" - 0 Error(s), 0 Warning(s).
Build target 'Template'
compiling led.c...
compiling main.c...
compiling stm32f10x_it.c...
compiling system_stm32f10x.c...
compiling core_cm3.c...
assembling startup_stm32f10x_hd.s...
compiling misc.c...
compiling stm32f10x_adc.c...
compiling stm32f10x_bkp.c...
compiling stm32f10x_can.c...
compiling stm32f10x_cec.c...
compiling stm32f10x_crc.c...
compiling stm32f10x_dac.c...
compiling stm32f10x_dbgmcu.c...
compiling stm32f10x_dma.c...
compiling stm32f10x_exti.c...
compiling stm32f10x_flash.c...
compiling stm32f10x_fsmc.c...
compiling stm32f10x_gpio.c...
compiling stm32f10x_i2c.c...
compiling stm32f10x_iwdg.c...
compiling stm32f10x_pwr.c...
compiling stm32f10x_rcc.c...
compiling stm32f10x_rtc.c...
compiling stm32f10x_sdio.c...
compiling stm32f10x_spi.c...
compiling stm32f10x_tim.c...
compiling stm32f10x_usart.c...
compiling stm32f10x_wwdg.c...
compiling delay.c...
compiling usart.c...
linking...
Program Size: Code=4572 RO-data=336 RW-data=52 ZI-data=1836  
FromELF: creating hex file...
"..\OBJ\led.axf" - 0 Error(s), 0 Warning(s).
compiling sys.c...
..\SYSTEM\sys\sys.c(7): warning:  #1-D: last line of file ends without a newline
..\SYSTEM\sys\sys.c:   }}
..\SYSTEM\sys\sys.c:     ^
..\SYSTEM\sys\sys.c(7): error:  #169: expected a declaration
..\SYSTEM\sys\sys.c:   }}
..\SYSTEM\sys\sys.c:    ^
..\SYSTEM\sys\sys.c: ..\SYSTEM\sys\sys.c: 1 warning, 1 error
..\SYSTEM\sys\sys.c - 1 Error(s), 1 Warning(s).
compiling sys.c...
..\SYSTEM\sys\sys.c(7): warning:  #1-D: last line of file ends without a newline
..\SYSTEM\sys\sys.c:   }
..\SYSTEM\sys\sys.c:    ^
..\SYSTEM\sys\sys.c: ..\SYSTEM\sys\sys.c: 1 warning, 0 errors
..\SYSTEM\sys\sys.c - 0 Error(s), 1 Warning(s).
compiling sys.c...
..\SYSTEM\sys\sys.c - 0 Error(s), 0 Warning(s).
Build target 'Template'
compiling led.c...
compiling main.c...
compiling stm32f10x_it.c...
compiling system_stm32f10x.c...
compiling core_cm3.c...
assembling startup_stm32f10x_hd.s...
compiling misc.c...
compiling stm32f10x_adc.c...
compiling stm32f10x_bkp.c...
compiling stm32f10x_can.c...
compiling stm32f10x_cec.c...
compiling stm32f10x_crc.c...
compiling stm32f10x_dac.c...
compiling stm32f10x_dbgmcu.c...
compiling stm32f10x_dma.c...
compiling stm32f10x_exti.c...
compiling stm32f10x_flash.c...
compiling stm32f10x_fsmc.c...
compiling stm32f10x_gpio.c...
compiling stm32f10x_i2c.c...
compiling stm32f10x_iwdg.c...
compiling stm32f10x_pwr.c...
compiling stm32f10x_rcc.c...
compiling stm32f10x_rtc.c...
compiling stm32f10x_sdio.c...
compiling stm32f10x_spi.c...
compiling stm32f10x_tim.c...
compiling stm32f10x_usart.c...
compiling stm32f10x_wwdg.c...
compiling sys.c...
compiling delay.c...
compiling usart.c...
linking...
Program Size: Code=4572 RO-data=336 RW-data=52 ZI-data=1836  
FromELF: creating hex file...
"..\OBJ\led.axf" - 0 Error(s), 0 Warning(s).
